../SystemInit/system_stm32f1xx.c:94:6:SystemCoreClockUpdate	24	static
../SystemInit/system_stm32f1xx.c:155:17:GetHclk	24	static
../SystemInit/system_stm32f1xx.c:168:17:GetPclk1	24	static
../SystemInit/system_stm32f1xx.c:180:17:GetPclk2	24	static
../SystemInit/system_stm32f1xx.c:199:13:InitSysTickForUsec	24	static
../SystemInit/system_stm32f1xx.c:222:24:SystickNow	4	static
../SystemInit/system_stm32f1xx.c:232:24:SystickElapsedUs	24	static
../SystemInit/system_stm32f1xx.c:243:20:SysTick_Disable	4	static
../SystemInit/system_stm32f1xx.c:265:13:Check_HCLK	24	static
../SystemInit/system_stm32f1xx.c:272:13:Check_AHB	24	static
../SystemInit/system_stm32f1xx.c:280:13:Check_APB1	24	static
../SystemInit/system_stm32f1xx.c:288:13:Check_APB2	24	static
../SystemInit/system_stm32f1xx.c:296:13:Check_ADCClock	32	static
../SystemInit/system_stm32f1xx.c:313:13:SetAdcPrescaler	32	static
../SystemInit/system_stm32f1xx.c:333:13:Check_LSIReady_Timeout	24	static
../SystemInit/system_stm32f1xx.c:353:13:RuntimeCheckAllClocks	24	static
../SystemInit/system_stm32f1xx.c:389:6:PeripheralEnable	16	static
../SystemInit/system_stm32f1xx.c:483:6:ClockInit	16	static
../SystemInit/system_stm32f1xx.c:536:6:SystemInit	8	static
